This calculator currently crashes on divide by 0.